The file ../files/personneDateFail.xml is not valid wrt ../files/personnes.xsd
