The file ../files/choice_and_seq_bad.xml is not valid wrt ../files/choice_and_seq.xsd
