The file ../files/personne.xml is valid wrt ../files/personnes.xsd
