The file ../files/personnes3.xml is valid wrt ../files/personnesMinOccurs.xsd
