The file ../files/personnes3MinOccurs.xml is not valid wrt ../files/personnesMinOccurs.xsd
