The file ../files/choice_and_seq_good.xml is not valid wrt ../files/choice_and_seq.xsd
